// Jest Snapshot v1, https://goo.gl/fbAQLP

exports[`Form <PasswordInput> should render <PasswordInput> 1`] = `
<div>
  <form>
    <div
      class="Aquarium-Input"
      style="display: flex; flex-direction: column;"
    >
      <label
        class="w-full"
        for="input-1198"
        id="input-1198-label"
      >
        <span
          class="block mb-2"
        >
          <span
            class="inline-flex items-center typography-small-strong text-grey-60"
          >
            PasswordInput
          </span>
        </span>
        <span
          class="Aquarium-InputBase relative block"
        >
          <input
            class="block w-full rounded-sm disabled:cursor-not-allowed disabled:border-grey-20 disabled:bg-grey-5 typography-small text-grey-70 disabled:text-grey-40 placeholder:text-grey-40 focus:outline-none px-3 py-3 border border-grey-20 hover:border-grey-50 focus:border-info-70"
            id="input-1198"
            name="password"
            type="password"
          />
        </span>
      </label>
      <p
        class="block mt-1 mb-3 typography-caption"
      >
         
      </p>
    </div>
    <button
      class="Aquarium-Button Aquarium-Button.Primary text-white bg-primary-80 active:bg-primary-90 active:ring-0 focus-visible:ring-2 focus-visible:ring-primary-100 focus-visible:ring-inset hover:bg-primary-90 disabled:bg-primary-40 inline-block border-0 rounded-sm transition whitespace-nowrap focus:outline-none relative text-center typography-default-strong py-3 px-4 icon-stroke-2"
      title="Submit"
      type="submit"
    />
  </form>
</div>
`;

exports[`Form <TextInput> should render <TextInput> 1`] = `
<div>
  <form>
    <div
      class="Aquarium-Input"
      style="display: flex; flex-direction: column;"
    >
      <label
        class="w-full"
        for="input-27"
        id="input-27-label"
      >
        <span
          class="block mb-2"
        >
          <span
            class="inline-flex items-center typography-small-strong text-grey-60"
          >
            TextInput
          </span>
        </span>
        <span
          class="Aquarium-InputBase relative block"
        >
          <input
            class="block w-full rounded-sm disabled:cursor-not-allowed disabled:border-grey-20 disabled:bg-grey-5 typography-small text-grey-70 disabled:text-grey-40 placeholder:text-grey-40 focus:outline-none px-3 py-3 border border-grey-20 hover:border-grey-50 focus:border-info-70"
            id="input-27"
            name="formFieldsCustomName"
            type="text"
          />
        </span>
      </label>
      <p
        class="block mt-1 mb-3 typography-caption"
      >
         
      </p>
    </div>
    <button
      class="Aquarium-Button Aquarium-Button.Primary text-white bg-primary-80 active:bg-primary-90 active:ring-0 focus-visible:ring-2 focus-visible:ring-primary-100 focus-visible:ring-inset hover:bg-primary-90 disabled:bg-primary-40 inline-block border-0 rounded-sm transition whitespace-nowrap focus:outline-none relative text-center typography-default-strong py-3 px-4 icon-stroke-2"
      title="Submit"
      type="submit"
    />
  </form>
</div>
`;
