// Jest Snapshot v1, https://goo.gl/fbAQLP

exports[`InternalLinkButton renders different styles based on selected Aquarium's Button props shows a primary button by default 1`] = `
<div>
  <a
    class="Aquarium-Button Aquarium-Button.Primary text-white bg-primary-80 active:bg-primary-90 active:ring-0 focus-visible:ring-2 focus-visible:ring-primary-100 focus-visible:ring-inset hover:bg-primary-90 disabled:bg-primary-40 inline-block border-0 rounded-sm transition whitespace-nowrap focus:outline-none relative text-center typography-default-strong py-3 px-4 icon-stroke-2"
    href="/test/url"
  >
    My nice link
  </a>
</div>
`;

exports[`InternalLinkButton renders different styles based on selected Aquarium's Button props shows a secondary button based on props 1`] = `
<div>
  <a
    class="Aquarium-Button Aquarium-Button.Secondary text-primary-80 bg-white ring-1 ring-primary-80 ring-inset active:bg-primary-5 active:ring-primary-90 active:text-primary-90 focus-visible:ring-2 focus-visible:ring-primary-90 focus-visible:text-primary-80 hover:bg-primary-5 hover:ring-primary-90 hover:text-primary-90 disabled:bg-white disabled:text-primary-40 disabled:ring-primary-40 inline-block border-0 rounded-sm transition whitespace-nowrap focus:outline-none relative text-center typography-default-strong py-3 px-4 icon-stroke-2"
    href="/test/url"
  >
    My nice link
  </a>
</div>
`;
